<area shape="rect" href="$fileref_8h.html" title="fileref.h" alt="" coords="5,84,75,111">
<area shape="rect" href="$flacproperties_8h.html" title="flacproperties.h" alt="" coords="99,84,219,111">
<area shape="rect" href="$mpcproperties_8h.html" title="mpcproperties.h" alt="" coords="243,84,368,111">
<area shape="rect" href="$mpegproperties_8h.html" title="mpegproperties.h" alt="" coords="392,84,528,111">
<area shape="rect" href="$vorbisproperties_8h.html" title="vorbisproperties.h" alt="" coords="552,84,688,111">
<area shape="rect" href="$flacfile_8h.html" title="flacfile.h" alt="" coords="27,161,101,188">
<area shape="rect" href="$oggflacfile_8h.html" title="oggflacfile.h" alt="" coords="125,161,224,188">
<area shape="rect" href="$mpcfile_8h.html" title="mpcfile.h" alt="" coords="265,161,345,188">
<area shape="rect" href="$mpegfile_8h.html" title="mpegfile.h" alt="" coords="416,161,504,188">
<area shape="rect" href="$vorbisfile_8h.html" title="vorbisfile.h" alt="" coords="575,161,665,188">
