<area shape="rect" href="$oggfile_8h.html" title="oggfile.h" alt="" coords="543,161,617,188">
<area shape="rect" href="$xiphcomment_8h.html" title="xiphcomment.h" alt="" coords="260,84,383,111">
<area shape="rect" href="$flacproperties_8h.html" title="flacproperties.h" alt="" coords="736,84,856,111">
<area shape="rect" href="$tfile_8h.html" title="tfile.h" alt="" coords="609,239,665,265">
<area shape="rect" href="$tbytevectorlist_8h.html" title="tbytevectorlist.h" alt="" coords="460,239,585,265">
<area shape="rect" href="$taglib_8h.html" title="taglib.h" alt="" coords="215,393,281,420">
<area shape="rect" href="$tbytevector_8h.html" title="tbytevector.h" alt="" coords="284,316,391,343">
<area shape="rect" href="$tlist_8h.html" title="tlist.h" alt="" coords="584,316,640,343">
<area shape="rect" href="$tag_8h.html" title="tag.h" alt="" coords="231,161,284,188">
<area shape="rect" href="$tstring_8h.html" title="tstring.h" alt="" coords="209,239,284,265">
<area shape="rect" href="$tmap_8h.html" title="tmap.h" alt="" coords="57,161,124,188">
<area shape="rect" href="$tstringlist_8h.html" title="tstringlist.h" alt="" coords="359,161,449,188">
<area shape="rect" href="$audioproperties_8h.html" title="audioproperties.h" alt="" coords="791,161,924,188">
