<area shape="rect" href="$id3v2extendedheader_8h.html" title="id3v2extendedheader.h" alt="" coords="585,161,759,188">
<area shape="rect" href="$id3v2synchdata_8h.html" title="id3v2synchdata.h" alt="" coords="783,161,916,188">
<area shape="rect" href="$tbytevector_8h.html" title="tbytevector.h" alt="" coords="1439,84,1545,111">
<area shape="rect" href="$tfile_8h.html" title="tfile.h" alt="" coords="2536,161,2592,188">
<area shape="rect" href="$tstring_8h.html" title="tstring.h" alt="" coords="1681,161,1756,188">
<area shape="rect" href="$tlist_8h.html" title="tlist.h" alt="" coords="1973,84,2029,111">
<area shape="rect" href="$tmap_8h.html" title="tmap.h" alt="" coords="2231,239,2297,265">
<area shape="rect" href="$apefooter_8h.html" title="apefooter.h" alt="" coords="1257,161,1353,188">
<area shape="rect" href="$apeitem_8h.html" title="apeitem.h" alt="" coords="1793,316,1879,343">
<area shape="rect" href="$apetag_8h.html" title="apetag.h" alt="" coords="1797,393,1875,420">
<area shape="rect" href="$id3v1tag_8h.html" title="id3v1tag.h" alt="" coords="1580,316,1668,343">
<area shape="rect" href="$id3v2footer_8h.html" title="id3v2footer.h" alt="" coords="940,161,1047,188">
<area shape="rect" href="$id3v2frame_8h.html" title="id3v2frame.h" alt="" coords="928,239,1035,265">
<area shape="rect" href="$id3v2framefactory_8h.html" title="id3v2framefactory.h" alt="" coords="905,316,1057,343">
<area shape="rect" href="$id3v2tag_8h.html" title="id3v2tag.h" alt="" coords="1555,393,1643,420">
<area shape="rect" href="$id3v2header_8h.html" title="id3v2header.h" alt="" coords="1121,161,1233,188">
<area shape="rect" href="$oggpageheader_8h.html" title="oggpageheader.h" alt="" coords="1831,161,1964,188">
<area shape="rect" href="$xiphcomment_8h.html" title="xiphcomment.h" alt="" coords="2335,316,2457,343">
<area shape="rect" href="$tbytevectorlist_8h.html" title="tbytevectorlist.h" alt="" coords="2089,161,2215,188">
<area shape="rect" href="$attachedpictureframe_8h.html" title="attachedpictureframe.h" alt="" coords="175,316,348,343">
<area shape="rect" href="$commentsframe_8h.html" title="commentsframe.h" alt="" coords="372,316,513,343">
<area shape="rect" href="$relativevolumeframe_8h.html" title="relativevolumeframe.h" alt="" coords="1081,316,1249,343">
<area shape="rect" href="$textidentificationframe_8h.html" title="textidentificationframe.h" alt="" coords="1273,316,1455,343">
<area shape="rect" href="$uniquefileidentifierframe_8h.html" title="uniquefileidentifierframe.h" alt="" coords="537,316,727,343">
<area shape="rect" href="$unknownframe_8h.html" title="unknownframe.h" alt="" coords="751,316,881,343">
<area shape="rect" href="$oggflacfile_8h.html" title="oggflacfile.h" alt="" coords="2488,393,2587,420">
<area shape="rect" href="$vorbisfile_8h.html" title="vorbisfile.h" alt="" coords="2359,393,2449,420">
<area shape="rect" href="$oggfile_8h.html" title="oggfile.h" alt="" coords="2473,239,2548,265">
<area shape="rect" href="$oggpage_8h.html" title="oggpage.h" alt="" coords="2119,239,2207,265">
<area shape="rect" href="$tstringlist_8h.html" title="tstringlist.h" alt="" coords="2004,239,2095,265">
<area shape="rect" href="$fileref_8h.html" title="fileref.h" alt="" coords="2004,316,2073,343">
<area shape="rect" href="$id3v1genres_8h.html" title="id3v1genres.h" alt="" coords="2097,316,2209,343">
<area shape="rect" href="$flacfile_8h.html" title="flacfile.h" alt="" coords="2684,239,2759,265">
<area shape="rect" href="$mpcfile_8h.html" title="mpcfile.h" alt="" coords="2783,239,2863,265">
<area shape="rect" href="$mpegfile_8h.html" title="mpegfile.h" alt="" coords="2572,239,2660,265">
<area shape="rect" href="$tag_8h.html" title="tag.h" alt="" coords="1681,239,1735,265">
