<area shape="rect" href="$oggfile_8h.html" title="oggfile.h" alt="" coords="5,161,80,188">
<area shape="rect" href="$oggpage_8h.html" title="oggpage.h" alt="" coords="408,84,496,111">
<area shape="rect" href="$tstringlist_8h.html" title="tstringlist.h" alt="" coords="293,84,384,111">
<area shape="rect" href="$oggflacfile_8h.html" title="oggflacfile.h" alt="" coords="103,239,201,265">
<area shape="rect" href="$vorbisfile_8h.html" title="vorbisfile.h" alt="" coords="444,239,535,265">
<area shape="rect" href="$apeitem_8h.html" title="apeitem.h" alt="" coords="685,161,771,188">
<area shape="rect" href="$fileref_8h.html" title="fileref.h" alt="" coords="104,161,173,188">
<area shape="rect" href="$id3v1genres_8h.html" title="id3v1genres.h" alt="" coords="197,161,309,188">
<area shape="rect" href="$textidentificationframe_8h.html" title="textidentificationframe.h" alt="" coords="333,161,515,188">
<area shape="rect" href="$xiphcomment_8h.html" title="xiphcomment.h" alt="" coords="539,161,661,188">
<area shape="rect" href="$apetag_8h.html" title="apetag.h" alt="" coords="689,239,767,265">
