<area shape="rect" href="$apefooter_8h.html" title="apefooter.h" alt="" coords="5,84,101,111">
<area shape="rect" href="$apeitem_8h.html" title="apeitem.h" alt="" coords="2221,239,2307,265">
<area shape="rect" href="$apetag_8h.html" title="apetag.h" alt="" coords="2252,316,2329,343">
<area shape="rect" href="$id3v1tag_8h.html" title="id3v1tag.h" alt="" coords="1480,239,1568,265">
<area shape="rect" href="$id3v2extendedheader_8h.html" title="id3v2extendedheader.h" alt="" coords="1132,84,1305,111">
<area shape="rect" href="$id3v2footer_8h.html" title="id3v2footer.h" alt="" coords="1329,84,1436,111">
<area shape="rect" href="$id3v2frame_8h.html" title="id3v2frame.h" alt="" coords="935,161,1041,188">
<area shape="rect" href="$id3v2framefactory_8h.html" title="id3v2framefactory.h" alt="" coords="176,239,328,265">
<area shape="rect" href="$id3v2tag_8h.html" title="id3v2tag.h" alt="" coords="999,316,1087,343">
<area shape="rect" href="$id3v2header_8h.html" title="id3v2header.h" alt="" coords="591,161,703,188">
<area shape="rect" href="$id3v2synchdata_8h.html" title="id3v2synchdata.h" alt="" coords="1809,84,1943,111">
<area shape="rect" href="$oggpageheader_8h.html" title="oggpageheader.h" alt="" coords="1967,84,2100,111">
<area shape="rect" href="$xiphcomment_8h.html" title="xiphcomment.h" alt="" coords="1923,239,2045,265">
<area shape="rect" href="$tbytevectorlist_8h.html" title="tbytevectorlist.h" alt="" coords="1561,84,1687,111">
<area shape="rect" href="$tfile_8h.html" title="tfile.h" alt="" coords="2371,84,2427,111">
<area shape="rect" href="$tstring_8h.html" title="tstring.h" alt="" coords="1711,84,1785,111">
<area shape="rect" href="$attachedpictureframe_8h.html" title="attachedpictureframe.h" alt="" coords="352,239,525,265">
<area shape="rect" href="$commentsframe_8h.html" title="commentsframe.h" alt="" coords="917,239,1059,265">
<area shape="rect" href="$relativevolumeframe_8h.html" title="relativevolumeframe.h" alt="" coords="1083,239,1251,265">
<area shape="rect" href="$textidentificationframe_8h.html" title="textidentificationframe.h" alt="" coords="1275,239,1456,265">
<area shape="rect" href="$uniquefileidentifierframe_8h.html" title="uniquefileidentifierframe.h" alt="" coords="549,239,739,265">
<area shape="rect" href="$unknownframe_8h.html" title="unknownframe.h" alt="" coords="763,239,893,265">
<area shape="rect" href="$oggflacfile_8h.html" title="oggflacfile.h" alt="" coords="1961,316,2060,343">
<area shape="rect" href="$vorbisfile_8h.html" title="vorbisfile.h" alt="" coords="2111,316,2201,343">
<area shape="rect" href="$oggfile_8h.html" title="oggfile.h" alt="" coords="2104,161,2179,188">
<area shape="rect" href="$oggpage_8h.html" title="oggpage.h" alt="" coords="1580,161,1668,188">
<area shape="rect" href="$tstringlist_8h.html" title="tstringlist.h" alt="" coords="1703,161,1793,188">
<area shape="rect" href="$fileref_8h.html" title="fileref.h" alt="" coords="1728,239,1797,265">
<area shape="rect" href="$id3v1genres_8h.html" title="id3v1genres.h" alt="" coords="1592,239,1704,265">
<area shape="rect" href="$flacfile_8h.html" title="flacfile.h" alt="" coords="2467,161,2541,188">
<area shape="rect" href="$mpcfile_8h.html" title="mpcfile.h" alt="" coords="2565,161,2645,188">
<area shape="rect" href="$mpegfile_8h.html" title="mpegfile.h" alt="" coords="2355,161,2443,188">
<area shape="rect" href="$tag_8h.html" title="tag.h" alt="" coords="1872,161,1925,188">
