<area shape="rect" href="$relativevolumeframe_8h.html" title="relativevolumeframe.h" alt="" coords="5,84,173,111">
<area shape="rect" href="$id3v2tag_8h.html" title="id3v2tag.h" alt="" coords="197,84,285,111">
<area shape="rect" href="$oggpageheader_8h.html" title="oggpageheader.h" alt="" coords="309,84,443,111">
<area shape="rect" href="$xiphcomment_8h.html" title="xiphcomment.h" alt="" coords="189,239,312,265">
<area shape="rect" href="$tbytevectorlist_8h.html" title="tbytevectorlist.h" alt="" coords="579,84,704,111">
<area shape="rect" href="$tstringlist_8h.html" title="tstringlist.h" alt="" coords="517,161,608,188">
<area shape="rect" href="$oggflacfile_8h.html" title="oggflacfile.h" alt="" coords="311,316,409,343">
<area shape="rect" href="$vorbisfile_8h.html" title="vorbisfile.h" alt="" coords="651,316,741,343">
<area shape="rect" href="$oggfile_8h.html" title="oggfile.h" alt="" coords="771,239,845,265">
<area shape="rect" href="$oggpage_8h.html" title="oggpage.h" alt="" coords="683,161,771,188">
<area shape="rect" href="$apeitem_8h.html" title="apeitem.h" alt="" coords="869,239,955,265">
<area shape="rect" href="$fileref_8h.html" title="fileref.h" alt="" coords="677,239,747,265">
<area shape="rect" href="$id3v1genres_8h.html" title="id3v1genres.h" alt="" coords="336,239,448,265">
<area shape="rect" href="$textidentificationframe_8h.html" title="textidentificationframe.h" alt="" coords="472,239,653,265">
<area shape="rect" href="$apetag_8h.html" title="apetag.h" alt="" coords="873,316,951,343">
