<area shape="rect" href="$apeitem_8h.html" title="apeitem.h" alt="" coords="1329,161,1415,188">
<area shape="rect" href="$apetag_8h.html" title="apetag.h" alt="" coords="1333,239,1411,265">
<area shape="rect" href="$id3v2frame_8h.html" title="id3v2frame.h" alt="" coords="707,84,813,111">
<area shape="rect" href="$id3v2tag_8h.html" title="id3v2tag.h" alt="" coords="1637,239,1725,265">
<area shape="rect" href="$xiphcomment_8h.html" title="xiphcomment.h" alt="" coords="1820,161,1943,188">
<area shape="rect" href="$tag_8h.html" title="tag.h" alt="" coords="1756,84,1809,111">
<area shape="rect" href="$tstringlist_8h.html" title="tstringlist.h" alt="" coords="1428,84,1519,111">
<area shape="rect" href="$attachedpictureframe_8h.html" title="attachedpictureframe.h" alt="" coords="761,161,935,188">
<area shape="rect" href="$commentsframe_8h.html" title="commentsframe.h" alt="" coords="959,161,1100,188">
<area shape="rect" href="$relativevolumeframe_8h.html" title="relativevolumeframe.h" alt="" coords="25,161,193,188">
<area shape="rect" href="$textidentificationframe_8h.html" title="textidentificationframe.h" alt="" coords="1124,161,1305,188">
<area shape="rect" href="$uniquefileidentifierframe_8h.html" title="uniquefileidentifierframe.h" alt="" coords="393,161,583,188">
<area shape="rect" href="$unknownframe_8h.html" title="unknownframe.h" alt="" coords="607,161,737,188">
<area shape="rect" href="$id3v2framefactory_8h.html" title="id3v2framefactory.h" alt="" coords="217,161,369,188">
<area shape="rect" href="$oggflacfile_8h.html" title="oggflacfile.h" alt="" coords="1791,239,1889,265">
<area shape="rect" href="$vorbisfile_8h.html" title="vorbisfile.h" alt="" coords="1913,239,2004,265">
<area shape="rect" href="$id3v1tag_8h.html" title="id3v1tag.h" alt="" coords="1967,161,2055,188">
<area shape="rect" href="$fileref_8h.html" title="fileref.h" alt="" coords="1439,161,1508,188">
<area shape="rect" href="$id3v1genres_8h.html" title="id3v1genres.h" alt="" coords="1532,161,1644,188">
